

================================================================
== Vivado HLS Report for 'long_subtraction'
================================================================
* Date:           Wed Aug 18 13:55:53 2021

* Version:        2019.2 (Build 2704478 on Wed Nov 06 22:10:23 MST 2019)
* Project:        LS
* Solution:       solution1
* Product family: zynq
* Target device:  xc7z045-ffg900-2


================================================================
== Performance Estimates
================================================================
+ Timing: 
    * Summary: 
    +--------+----------+----------+------------+
    |  Clock |  Target  | Estimated| Uncertainty|
    +--------+----------+----------+------------+
    |ap_clk  | 10.00 ns | 8.662 ns |   1.25 ns  |
    +--------+----------+----------+------------+

+ Latency: 
    * Summary: 
    +---------+---------+----------+----------+-----+-----+---------+
    |  Latency (cycles) |  Latency (absolute) |  Interval | Pipeline|
    |   min   |   max   |    min   |    max   | min | max |   Type  |
    +---------+---------+----------+----------+-----+-----+---------+
    |        ?|        ?|         ?|         ?|    ?|    ?|   none  |
    +---------+---------+----------+----------+-----+-----+---------+

    + Detail: 
        * Instance: 
        N/A

        * Loop: 
        +----------+---------+---------+----------+-----------+-----------+------+----------+
        |          |  Latency (cycles) | Iteration|  Initiation Interval  | Trip |          |
        | Loop Name|   min   |   max   |  Latency |  achieved |   target  | Count| Pipelined|
        +----------+---------+---------+----------+-----------+-----------+------+----------+
        |- Loop 1  |        ?|        ?|         7|          1|          1|     ?|    yes   |
        +----------+---------+---------+----------+-----------+-----------+------+----------+



================================================================
== Utilization Estimates
================================================================
* Summary: 
+-----------------+---------+-------+--------+--------+-----+
|       Name      | BRAM_18K| DSP48E|   FF   |   LUT  | URAM|
+-----------------+---------+-------+--------+--------+-----+
|DSP              |        -|      -|       -|       -|    -|
|Expression       |        -|      -|     146|    2574|    -|
|FIFO             |        -|      -|       -|       -|    -|
|Instance         |        -|     48|     361|     195|    -|
|Memory           |        -|      -|       -|       -|    -|
|Multiplexer      |        -|      -|       -|      18|    -|
|Register         |        0|      -|     706|      96|    -|
+-----------------+---------+-------+--------+--------+-----+
|Total            |        0|     48|    1213|    2883|    0|
+-----------------+---------+-------+--------+--------+-----+
|Available        |     1090|    900|  437200|  218600|    0|
+-----------------+---------+-------+--------+--------+-----+
|Utilization (%)  |        0|      5|   ~0   |       1|    0|
+-----------------+---------+-------+--------+--------+-----+

+ Detail: 
    * Instance: 
    +-------------------------+----------------------+---------+-------+-----+-----+-----+
    |         Instance        |        Module        | BRAM_18K| DSP48E|  FF | LUT | URAM|
    +-------------------------+----------------------+---------+-------+-----+-----+-----+
    |long_subtraction_bkb_U1  |long_subtraction_bkb  |        0|     48|  361|  195|    0|
    +-------------------------+----------------------+---------+-------+-----+-----+-----+
    |Total                    |                      |        0|     48|  361|  195|    0|
    +-------------------------+----------------------+---------+-------+-----+-----+-----+

    * DSP48E: 
    N/A

    * Memory: 
    N/A

    * FIFO: 
    N/A

    * Expression: 
    +----------------------------------+----------+-------+----+-----+------------+------------+
    |           Variable Name          | Operation| DSP48E| FF | LUT | Bitwidth P0| Bitwidth P1|
    +----------------------------------+----------+-------+----+-----+------------+------------+
    |NZeros_fu_281_p2                  |     +    |      0|   0|   32|          32|          32|
    |add_ln1001_fu_410_p2              |     +    |      0|   0|   32|           5|          32|
    |add_ln1011_fu_495_p2              |     +    |      0|   0|    8|           5|           5|
    |lsb_index_fu_308_p2               |     +    |      0|   0|   32|           5|          32|
    |m_1_fu_456_p2                     |     +    |      0|   0|   16|          16|          16|
    |ret_V_fu_179_p2                   |     -    |      0|   0|  129|         129|         129|
    |sub_ln1001_fu_425_p2              |     -    |      0|   0|   32|           4|          32|
    |sub_ln1011_fu_490_p2              |     -    |      0|   0|    8|           6|           5|
    |sub_ln991_fu_291_p2               |     -    |      0|   0|   32|           8|          32|
    |sub_ln994_fu_329_p2               |     -    |      0|   0|    8|           8|           8|
    |tmp_V_fu_220_p2                   |     -    |      0|   0|  118|           1|         118|
    |a_fu_356_p2                       |    and   |      0|   0|    1|           1|           1|
    |and_ln996_fu_384_p2               |    and   |      0|   0|    1|           1|           1|
    |ap_block_state8_pp0_stage0_iter6  |    and   |      0|   0|    1|           1|           1|
    |ap_predicate_op22_read_state2     |    and   |      0|   0|    1|           1|           1|
    |p_Result_s_fu_344_p2              |    and   |      0|   0|  128|         128|         128|
    |tmp_1_nbreadreq_fu_128_p3         |    and   |      0|   0|  128|           1|           0|
    |tmp_nbreadreq_fu_120_p3           |    and   |      0|   0|  128|           1|           0|
    |tmp_5_fu_269_p3                   |   ctlz   |      0|  73|   71|          64|           0|
    |tmp_s_fu_247_p3                   |   ctlz   |      0|  73|   71|          64|           0|
    |icmp_ln1001_fu_404_p2             |   icmp   |      0|   0|   12|          32|           1|
    |icmp_ln1075_fu_259_p2             |   icmp   |      0|   0|   20|          54|           1|
    |icmp_ln982_fu_215_p2              |   icmp   |      0|   0|   44|         117|           1|
    |icmp_ln994_1_fu_350_p2            |   icmp   |      0|   0|   44|         128|           1|
    |icmp_ln994_fu_323_p2              |   icmp   |      0|   0|   12|          31|           1|
    |lshr_ln1001_fu_419_p2             |   lshr   |      0|   0|  423|         128|         128|
    |lshr_ln994_fu_338_p2              |   lshr   |      0|   0|  423|           2|         128|
    |ap_block_pp0_stage0_01001         |    or    |      0|   0|    1|           1|           1|
    |ap_block_state2_pp0_stage0_iter0  |    or    |      0|   0|    1|           1|           1|
    |ap_predicate_tran2to9_state2      |    or    |      0|   0|    1|           1|           1|
    |or_ln1008_fu_390_p2               |    or    |      0|   0|    1|           1|           1|
    |c_V_din                           |  select  |      0|   0|   16|           1|           1|
    |l_fu_285_p3                       |  select  |      0|   0|   32|           1|          32|
    |m_fu_448_p3                       |  select  |      0|   0|   16|           1|          16|
    |select_ln1011_fu_483_p3           |  select  |      0|   0|    4|           1|           4|
    |tmp_V_4_fu_226_p3                 |  select  |      0|   0|  118|           1|         118|
    |shl_ln1001_fu_434_p2              |    shl   |      0|   0|  423|         128|         128|
    |ap_enable_pp0                     |    xor   |      0|   0|    2|           1|           2|
    |ap_enable_reg_pp0_iter1           |    xor   |      0|   0|    2|           2|           1|
    |xor_ln996_fu_370_p2               |    xor   |      0|   0|    2|           1|           2|
    +----------------------------------+----------+-------+----+-----+------------+------------+
    |Total                             |          |      0| 146| 2574|        1114|        1142|
    +----------------------------------+----------+-------+----+-----+------------+------------+

    * Multiplexer: 
    +-------------------------+----+-----------+-----+-----------+
    |           Name          | LUT| Input Size| Bits| Total Bits|
    +-------------------------+----+-----------+-----+-----------+
    |a_V_blk_n                |   3|          2|    1|          2|
    |ap_NS_fsm                |   3|          4|    1|          4|
    |ap_enable_reg_pp0_iter1  |   3|          2|    1|          2|
    |ap_enable_reg_pp0_iter6  |   3|          2|    1|          2|
    |b_V_blk_n                |   3|          2|    1|          2|
    |c_V_blk_n                |   3|          2|    1|          2|
    +-------------------------+----+-----------+-----+-----------+
    |Total                    |  18|         14|    6|         14|
    +-------------------------+----+-----------+-----+-----------+

    * Register: 
    +-----------------------------------+-----+----+-----+-----------+
    |                Name               |  FF | LUT| Bits| Const Bits|
    +-----------------------------------+-----+----+-----+-----------+
    |ap_CS_fsm                          |    3|   0|    3|          0|
    |ap_enable_reg_pp0_iter0            |    1|   0|    1|          0|
    |ap_enable_reg_pp0_iter1            |    1|   0|    1|          0|
    |ap_enable_reg_pp0_iter2            |    1|   0|    1|          0|
    |ap_enable_reg_pp0_iter3            |    1|   0|    1|          0|
    |ap_enable_reg_pp0_iter4            |    1|   0|    1|          0|
    |ap_enable_reg_pp0_iter5            |    1|   0|    1|          0|
    |ap_enable_reg_pp0_iter6            |    1|   0|    1|          0|
    |icmp_ln1075_reg_577                |    1|   0|    1|          0|
    |icmp_ln982_reg_561                 |    1|   0|    1|          0|
    |m_4_reg_604                        |   15|   0|   15|          0|
    |p_Result_3_reg_555                 |    1|   0|    1|          0|
    |ret_V_reg_539                      |   17|   0|  129|        112|
    |sub_ln991_reg_587                  |   32|   0|   32|          0|
    |tmp_12_reg_609                     |    1|   0|    1|          0|
    |tmp_1_reg_535                      |    1|   0|    1|          0|
    |tmp_V_4_reg_566                    |  118|   0|  118|          0|
    |tmp_V_4_reg_566_pp0_iter4_reg      |  118|   0|  118|          0|
    |trunc_ln1074_reg_571               |   32|   0|   32|          0|
    |trunc_ln1083_reg_582               |   32|   0|   32|          0|
    |trunc_ln990_reg_599                |    5|   0|    5|          0|
    |trunc_ln990_reg_599_pp0_iter5_reg  |    5|   0|    5|          0|
    |trunc_ln994_reg_594                |    8|   0|    8|          0|
    |trunc_ln_reg_549                   |  117|   0|  117|          0|
    |icmp_ln982_reg_561                 |   64|  32|    1|          0|
    |p_Result_3_reg_555                 |   64|  32|    1|          0|
    |tmp_1_reg_535                      |   64|  32|    1|          0|
    +-----------------------------------+-----+----+-----+-----------+
    |Total                              |  706|  96|  629|        112|
    +-----------------------------------+-----+----+-----+-----------+



================================================================
== Interface
================================================================
* Summary: 
+-------------+-----+-----+------------+------------------+--------------+
|  RTL Ports  | Dir | Bits|  Protocol  |   Source Object  |    C Type    |
+-------------+-----+-----+------------+------------------+--------------+
|ap_clk       |  in |    1| ap_ctrl_hs | long_subtraction | return value |
|ap_rst       |  in |    1| ap_ctrl_hs | long_subtraction | return value |
|ap_start     |  in |    1| ap_ctrl_hs | long_subtraction | return value |
|ap_done      | out |    1| ap_ctrl_hs | long_subtraction | return value |
|ap_idle      | out |    1| ap_ctrl_hs | long_subtraction | return value |
|ap_ready     | out |    1| ap_ctrl_hs | long_subtraction | return value |
|a_V_dout     |  in |   16|   ap_fifo  |        a_V       |    pointer   |
|a_V_empty_n  |  in |    1|   ap_fifo  |        a_V       |    pointer   |
|a_V_read     | out |    1|   ap_fifo  |        a_V       |    pointer   |
|b_V_dout     |  in |   16|   ap_fifo  |        b_V       |    pointer   |
|b_V_empty_n  |  in |    1|   ap_fifo  |        b_V       |    pointer   |
|b_V_read     | out |    1|   ap_fifo  |        b_V       |    pointer   |
|c_V_din      | out |   16|   ap_fifo  |        c_V       |    pointer   |
|c_V_full_n   |  in |    1|   ap_fifo  |        c_V       |    pointer   |
|c_V_write    | out |    1|   ap_fifo  |        c_V       |    pointer   |
+-------------+-----+-----+------------+------------------+--------------+

